[restart] Relaunching with --conditions=development
  ➜  Local:   http://127.0.0.1:3000/
5:32:37 PM [vite] (ssr) connected.
5:32:38 PM [vite] (client) [console.error] A tree hydrated but some attributes of the server rendered HTML didn't match the client properties. This won't be patched up. This can happen if a SSR-ed Client Component used:

- A server/client branch `if (typeof window !== 'undefined')`.
- Variable input such as `Date.now()` or `Math.random()` which changes each time it's called.
- Date formatting in a user's locale which doesn't match the server.
- External changing data without sending a snapshot of it along with the HTML.
- Invalid HTML tag nesting.

It can also happen if the client has a browser extension installed which messes with the HTML before React loaded.

https://react.dev/link/hydration-mismatch

  ...
    <Router basename="/" location={{pathname:"/", ...}} navigationType="POP" navigator={{...}} useTransitions={undefined}>
      <DataRoutes routes={[...]} manifest={{...}} state={{...}} isStatic={false} onError={undefined}>
        <RenderErrorBoundary location={{pathname:"/", ...}} revalidation="idle" component={<Layout>} error={undefined} ...>
          <RenderedRoute match={{params:{}, ...}} routeContext={{...}}>
            <Layout>
              <html lang="zh-CN" suppressHydrationWarning={true}>
                <head>
                  <meta>
                  <meta>
                  <meta>
                  <meta>
                  <script>
                  <Meta>
                    <title>
                    <meta>
                    <link>
                    <meta>
                    <meta>
                    <meta>
                    <meta>
                    <meta>
                    <meta>
                    <meta>
                    <meta>
                    <meta>
                    <meta>
                    <meta>
                    <meta>
                    <meta>
                    <script
                      type="application/ld+json"
                      dangerouslySetInnerHTML={{
+                       __html: "{\"@context\":\"https://schema.org\",\"@type\":\"Organization\",\"name\":\"MedHOT\",\..."
-                       __html: "{\"@context\":\"https://schema.org\",\"@type\":\"Organization\",\"name\":\"MedHOT\",\..."
                      }}
                    >
                  ...
                ...

